// Jest Snapshot v1, https://goo.gl/fbAQLP

exports[`<CreatureFormGridField /> snapshots 1`] = `
<WithStyles(Grid)
  item={true}
  xs={12}
>
  <TextField
    className="CreatureFormGridField-formField-1"
    inputProps={
      Object {
        "data-cy": "name",
      }
    }
    label="Name Field"
    onChange={[Function]}
    required={false}
    select={false}
    value="Goplin"
    variant="standard"
  />
</WithStyles(Grid)>
`;
