// Jest Snapshot v1, https://goo.gl/fbAQLP

exports[`<TeamList /> snapshots 1`] = `
"<WithStyles(Grid) data-cy=\\"TeamList\\" data-team=\\"a\\" container={true} spacing={24} justify=\\"center\\">
  <WithStyles(Grid) item={true} xs={12}>
    <WithStyles(Typography) variant=\\"h4\\">
      Team 
      A
    </WithStyles(Typography)>
  </WithStyles(Grid)>
  <WithStyles(Grid) item={true} xs={12}>
    <WithStyles(Typography) variant=\\"body2\\">
      1
       Creatures
    </WithStyles(Typography)>
  </WithStyles(Grid)>
  <WithStyles(Grid) item={true} lg={6}>
    <Connect(WithStyles(RawTeamListCreature)) Creature={{...}} />
  </WithStyles(Grid)>
</WithStyles(Grid)>"
`;
